libc++abi: terminating due to uncaught exception of type Slic3r::qa::BundleQaForcedException: bundle qa forced exception
facet (146108)/ first facet
  vertex 0/146108  3.29226608E+01 -1.20582485E+01  0.00000000E+00
  vertex 1/146108  3.29214439E+01 -1.21727753E+01  0.00000000E+00
  vertex 2/146108  3.28866310E+01 -1.23793631E+01  0.00000000E+00
facet (146175)/ second facet
  vertex 0/146175  3.29214439E+01 -1.21727753E+01  0.00000000E+00
  vertex 1/146175  3.29226646E+01 -1.20582485E+01  0.00000000E+00
  vertex 2/146175  3.29214439E+01 -1.21727753E+01  9.39171600E+00
facet (146117)/ first facet
  vertex 0/146117  3.28866310E+01 -1.23793631E+01  0.00000000E+00
  vertex 1/146117  3.29136505E+01 -1.19367599E+01  0.00000000E+00
  vertex 2/146117  3.29226608E+01 -1.20582485E+01  0.00000000E+00
facet (146177)/ second facet
  vertex 0/146177  3.29226646E+01 -1.20582485E+01  0.00000000E+00
  vertex 1/146177  3.29136505E+01 -1.19367599E+01  0.00000000E+00
  vertex 2/146177  3.29226646E+01 -1.20582485E+01  9.31218910E+00
facet (146175)/ first facet
  vertex 0/146175  3.29214439E+01 -1.21727753E+01  0.00000000E+00
  vertex 1/146175  3.29226646E+01 -1.20582485E+01  0.00000000E+00
  vertex 2/146175  3.29214439E+01 -1.21727753E+01  9.39171600E+00
facet (146108)/ second facet
  vertex 0/146108  3.29226608E+01 -1.20582485E+01  0.00000000E+00
  vertex 1/146108  3.29214439E+01 -1.21727753E+01  0.00000000E+00
  vertex 2/146108  3.28866310E+01 -1.23793631E+01  0.00000000E+00
facet (146177)/ first facet
  vertex 0/146177  3.29226646E+01 -1.20582485E+01  0.00000000E+00
  vertex 1/146177  3.29136505E+01 -1.19367599E+01  0.00000000E+00
  vertex 2/146177  3.29226646E+01 -1.20582485E+01  9.31218910E+00
facet (146117)/ second facet
  vertex 0/146117  3.28866310E+01 -1.23793631E+01  0.00000000E+00
  vertex 1/146117  3.29136505E+01 -1.19367599E+01  0.00000000E+00
  vertex 2/146117  3.29226608E+01 -1.20582485E+01  0.00000000E+00
exit=134
