[  0%] Built target miniz_static
[  4%] Built target glu-libtess
[  5%] Built target encoding-check
[  5%] Built target localesutils
[  6%] Built target clipper
[  6%] Checking source files encodings for target avrdude-slic3r
[  7%] Checking source files encodings for target semver
[  7%] Checking source files encodings for target qoi
[  8%] Checking source files encodings for target avrdude
[  8%] Checking source files encodings for target libslic3r
[ 11%] Built target admesh
[ 11%] Built target encoding-check-avrdude-slic3r
[ 11%] Built target encoding-check-semver
[ 11%] Built target encoding-check-qoi
[ 11%] Built target encoding-check-avrdude
[ 11%] Built target encoding-check-libslic3r
[ 11%] Built target global-encoding-check
[ 12%] Built target semver
[ 12%] Built target qoi
[ 14%] Built target libslic3r_cgal
[ 16%] Built target libseqarrange
[ 16%] Built target OCCTWrapper
[ 16%] Building CXX object src/libslic3r/CMakeFiles/libslic3r.dir/Format/STEP.cpp.o
[ 17%] Building CXX object src/libslic3r/CMakeFiles/libslic3r.dir/SLAPrint.cpp.o
/Users/sw-dev/repos/Bundle/web_slicer_core/third_party/prusaslicer_fork/src/libslic3r/SLAPrint.cpp:831:1: warning: all paths through this function will call itself [-Winfinite-recursion]
  831 | {
      | ^
1 warning generated.
[ 19%] Linking CXX static library liblibslic3r.a
[ 92%] Built target libslic3r
[ 93%] Built target slic3r-arrange
[ 96%] Built target slic3r-arrange-wrapper
[ 97%] Linking CXX executable slicer-engine
ld: warning: ignoring duplicate libraries: '-lc++', 'libseqarrange/liblibseqarrange.a', 'libslic3r/liblibslic3r.a', 'occt_wrapper/OCCTWrapper.a'
ld: warning: object file (/Users/sw-dev/repos/Bundle/web_slicer_core/third_party/prusaslicer_fork/deps/build/destdir/usr/local/lib/libmpfr.a[2](exceptions.o)) was built for newer 'macOS' version (26.2) than being linked (26.0)
ld: warning: object file (/Users/sw-dev/repos/Bundle/web_slicer_core/third_party/prusaslicer_fork/deps/build/destdir/usr/local/lib/libmpfr.a[11](clear.o)) was built for newer 'macOS' version (26.2) than being linked (26.0)
ld: warning: object file (/Users/sw-dev/repos/Bundle/web_slicer_core/third_party/prusaslicer_fork/deps/build/destdir/usr/local/lib/libmpfr.a[12](cmp.o)) was built for newer 'macOS' version (26.2) than being linked (26.0)
ld: warning: object file (/Users/sw-dev/repos/Bundle/web_slicer_core/third_party/prusaslicer_fork/deps/build/destdir/usr/local/lib/libmpfr.a[14](cmp_si.o)) was built for newer 'macOS' version (26.2) than being linked (26.0)
ld: warning: object file (/Users/sw-dev/repos/Bundle/web_slicer_core/third_party/prusaslicer_fork/deps/build/destdir/usr/local/lib/libmpfr.a[18](div_2si.o)) was built for newer 'macOS' version (26.2) than being linked (26.0)
ld: warning: object file (/Users/sw-dev/repos/Bundle/web_slicer_core/third_party/prusaslicer_fork/deps/build/destdir/usr/local/lib/libmpfr.a[20](div.o)) was built for newer 'macOS' version (26.2) than being linked (26.0)
ld: warning: object file (/Users/sw-dev/repos/Bundle/web_slicer_core/third_party/prusaslicer_fork/deps/build/destdir/usr/local/lib/libmpfr.a[21](div_ui.o)) was built for newer 'macOS' version (26.2) than being linked (26.0)
ld: warning: object file (/Users/sw-dev/repos/Bundle/web_slicer_core/third_party/prusaslicer_fork/deps/build/destdir/usr/local/lib/libmpfr.a[31](get_d.o)) was built for newer 'macOS' version (26.2) than being linked (26.0)
ld: warning: object file (/Users/sw-dev/repos/Bundle/web_slicer_core/third_party/prusaslicer_fork/deps/build/destdir/usr/local/lib/libmpfr.a[44](mul_2si.o)) was built for newer 'macOS' version (26.2) than being linked (26.0)
ld: warning: object file (/Users/sw-dev/repos/Bundle/web_slicer_core/third_party/prusaslicer_fork/deps/build/destdir/usr/local/lib/libmpfr.a[49](next.o)) was built for newer 'macOS' version (26.2) than being linked (26.0)
ld: warning: object file (/Users/sw-dev/repos/Bundle/web_slicer_core/third_party/prusaslicer_fork/deps/build/destdir/usr/local/lib/libmpfr.a[62](round_prec.o)) was built for newer 'macOS' version (26.2) than being linked (26.0)
ld: warning: object file (/Users/sw-dev/repos/Bundle/web_slicer_core/third_party/prusaslicer_fork/deps/build/destdir/usr/local/lib/libmpfr.a[63](set.o)) was built for newer 'macOS' version (26.2) than being linked (26.0)
ld: warning: object file (/Users/sw-dev/repos/Bundle/web_slicer_core/third_party/prusaslicer_fork/deps/build/destdir/usr/local/lib/libmpfr.a[64](setmax.o)) was built for newer 'macOS' version (26.2) than being linked (26.0)
ld: warning: object file (/Users/sw-dev/repos/Bundle/web_slicer_core/third_party/prusaslicer_fork/deps/build/destdir/usr/local/lib/libmpfr.a[65](setmin.o)) was built for newer 'macOS' version (26.2) than being linked (26.0)
ld: warning: object file (/Users/sw-dev/repos/Bundle/web_slicer_core/third_party/prusaslicer_fork/deps/build/destdir/usr/local/lib/libmpfr.a[69](set_rnd.o)) was built for newer 'macOS' version (26.2) than being linked (26.0)
ld: warning: object file (/Users/sw-dev/repos/Bundle/web_slicer_core/third_party/prusaslicer_fork/deps/build/destdir/usr/local/lib/libmpfr.a[73](set_q.o)) was built for newer 'macOS' version (26.2) than being linked (26.0)
ld: warning: object file (/Users/sw-dev/repos/Bundle/web_slicer_core/third_party/prusaslicer_fork/deps/build/destdir/usr/local/lib/libmpfr.a[124](init2.o)) was built for newer 'macOS' version (26.2) than being linked (26.0)
ld: warning: object file (/Users/sw-dev/repos/Bundle/web_slicer_core/third_party/prusaslicer_fork/deps/build/destdir/usr/local/lib/libmpfr.a[130](powerof2.o)) was built for newer 'macOS' version (26.2) than being linked (26.0)
ld: warning: object file (/Users/sw-dev/repos/Bundle/web_slicer_core/third_party/prusaslicer_fork/deps/build/destdir/usr/local/lib/libmpfr.a[157](mpfr-gmp.o)) was built for newer 'macOS' version (26.2) than being linked (26.0)
ld: warning: object file (/Users/sw-dev/repos/Bundle/web_slicer_core/third_party/prusaslicer_fork/deps/build/destdir/usr/local/lib/libmpfr.a[179](mulders.o)) was built for newer 'macOS' version (26.2) than being linked (26.0)
ld: warning: object file (/Users/sw-dev/repos/Bundle/web_slicer_core/third_party/prusaslicer_fork/deps/build/destdir/usr/local/lib/libmpfr.a[181](round_p.o)) was built for newer 'macOS' version (26.2) than being linked (26.0)
ld: warning: object file (/Users/sw-dev/repos/Bundle/web_slicer_core/third_party/prusaslicer_fork/deps/build/destdir/usr/local/lib/libmpfr.a[185](subnormal.o)) was built for newer 'macOS' version (26.2) than being linked (26.0)
ld: warning: object file (/Users/sw-dev/repos/Bundle/web_slicer_core/third_party/prusaslicer_fork/deps/build/destdir/usr/local/lib/libmpfr.a[214](min_prec.o)) was built for newer 'macOS' version (26.2) than being linked (26.0)
ld: warning: object file (/Users/sw-dev/repos/Bundle/web_slicer_core/third_party/prusaslicer_fork/deps/build/destdir/usr/local/lib/libmpfr.a[221](scale2.o)) was built for newer 'macOS' version (26.2) than being linked (26.0)
ld: warning: object file (/Users/sw-dev/repos/Bundle/web_slicer_core/third_party/prusaslicer_fork/deps/build/destdir/usr/local/lib/libgmp.a[2](assert.o)) was built for newer 'macOS' version (26.2) than being linked (26.0)
ld: warning: object file (/Users/sw-dev/repos/Bundle/web_slicer_core/third_party/prusaslicer_fork/deps/build/destdir/usr/local/lib/libgmp.a[4](errno.o)) was built for newer 'macOS' version (26.2) than being linked (26.0)
ld: warning: object file (/Users/sw-dev/repos/Bundle/web_slicer_core/third_party/prusaslicer_fork/deps/build/destdir/usr/local/lib/libgmp.a[5](extract-dbl.o)) was built for newer 'macOS' version (26.2) than being linked (26.0)
ld: warning: object file (/Users/sw-dev/repos/Bundle/web_slicer_core/third_party/prusaslicer_fork/deps/build/destdir/usr/local/lib/libgmp.a[6](invalid.o)) was built for newer 'macOS' version (26.2) than being linked (26.0)
ld: warning: object file (/Users/sw-dev/repos/Bundle/web_slicer_core/third_party/prusaslicer_fork/deps/build/destdir/usr/local/lib/libgmp.a[7](memory.o)) was built for newer 'macOS' version (26.2) than being linked (26.0)
ld: warning: object file (/Users/sw-dev/repos/Bundle/web_slicer_core/third_party/prusaslicer_fork/deps/build/destdir/usr/local/lib/libgmp.a[8](mp_bpl.o)) was built for newer 'macOS' version (26.2) than being linked (26.0)
ld: warning: object file (/Users/sw-dev/repos/Bundle/web_slicer_core/third_party/prusaslicer_fork/deps/build/destdir/usr/local/lib/libgmp.a[11](mp_minv_tab.o)) was built for newer 'macOS' version (26.2) than being linked (26.0)
ld: warning: object file (/Users/sw-dev/repos/Bundle/web_slicer_core/third_party/prusaslicer_fork/deps/build/destdir/usr/local/lib/libgmp.a[12](mp_get_fns.o)) was built for newer 'macOS' version (26.2) than being linked (26.0)
ld: warning: object file (/Users/sw-dev/repos/Bundle/web_slicer_core/third_party/prusaslicer_fork/deps/build/destdir/usr/local/lib/libgmp.a[17](tal-reent.o)) was built for newer 'macOS' version (26.2) than being linked (26.0)
ld: warning: object file (/Users/sw-dev/repos/Bundle/web_slicer_core/third_party/prusaslicer_fork/deps/build/destdir/usr/local/lib/libgmp.a[86](lt2-add.o)) was built for newer 'macOS' version (26.2) than being linked (26.0)
ld: warning: object file (/Users/sw-dev/repos/Bundle/web_slicer_core/third_party/prusaslicer_fork/deps/build/destdir/usr/local/lib/libgmp.a[89](aorsmul_i.o)) was built for newer 'macOS' version (26.2) than being linked (26.0)
ld: warning: object file (/Users/sw-dev/repos/Bundle/web_slicer_core/third_party/prusaslicer_fork/deps/build/destdir/usr/local/lib/libgmp.a[118](divexact.o)) was built for newer 'macOS' version (26.2) than being linked (26.0)
ld: warning: object file (/Users/sw-dev/repos/Bundle/web_slicer_core/third_party/prusaslicer_fork/deps/build/destdir/usr/local/lib/libgmp.a[119](divegcd.o)) was built for newer 'macOS' version (26.2) than being linked (26.0)
ld: warning: object file (/Users/sw-dev/repos/Bundle/web_slicer_core/third_party/prusaslicer_fork/deps/build/destdir/usr/local/lib/libgmp.a[146](gcd.o)) was built for newer 'macOS' version (26.2) than being linked (26.0)
ld: warning: object file (/Users/sw-dev/repos/Bundle/web_slicer_core/third_party/prusaslicer_fork/deps/build/destdir/usr/local/lib/libgmp.a[164](lt26-iset.o)) was built for newer 'macOS' version (26.2) than being linked (26.0)
ld: warning: object file (/Users/sw-dev/repos/Bundle/web_slicer_core/third_party/prusaslicer_fork/deps/build/destdir/usr/local/lib/libgmp.a[185](lt31-mul.o)) was built for newer 'macOS' version (26.2) than being linked (26.0)
ld: warning: object file (/Users/sw-dev/repos/Bundle/web_slicer_core/third_party/prusaslicer_fork/deps/build/destdir/usr/local/lib/libgmp.a[188](lt33-mul_ui.o)) was built for newer 'macOS' version (26.2) than being linked (26.0)
ld: warning: object file (/Users/sw-dev/repos/Bundle/web_slicer_core/third_party/prusaslicer_fork/deps/build/destdir/usr/local/lib/libgmp.a[205](realloc.o)) was built for newer 'macOS' version (26.2) than being linked (26.0)
ld: warning: object file (/Users/sw-dev/repos/Bundle/web_slicer_core/third_party/prusaslicer_fork/deps/build/destdir/usr/local/lib/libgmp.a[214](lt39-set.o)) was built for newer 'macOS' version (26.2) than being linked (26.0)
ld: warning: object file (/Users/sw-dev/repos/Bundle/web_slicer_core/third_party/prusaslicer_fork/deps/build/destdir/usr/local/lib/libgmp.a[218](lt42-set_si.o)) was built for newer 'macOS' version (26.2) than being linked (26.0)
ld: warning: object file (/Users/sw-dev/repos/Bundle/web_slicer_core/third_party/prusaslicer_fork/deps/build/destdir/usr/local/lib/libgmp.a[220](lt44-set_ui.o)) was built for newer 'macOS' version (26.2) than being linked (26.0)
ld: warning: object file (/Users/sw-dev/repos/Bundle/web_slicer_core/third_party/prusaslicer_fork/deps/build/destdir/usr/local/lib/libgmp.a[227](lt47-sub.o)) was built for newer 'macOS' version (26.2) than being linked (26.0)
ld: warning: object file (/Users/sw-dev/repos/Bundle/web_slicer_core/third_party/prusaslicer_fork/deps/build/destdir/usr/local/lib/libgmp.a[232](tdiv_q_2exp.o)) was built for newer 'macOS' version (26.2) than being linked (26.0)
ld: warning: object file (/Users/sw-dev/repos/Bundle/web_slicer_core/third_party/prusaslicer_fork/deps/build/destdir/usr/local/lib/libgmp.a[246](aors.o)) was built for newer 'macOS' version (26.2) than being linked (26.0)
ld: warning: object file (/Users/sw-dev/repos/Bundle/web_slicer_core/third_party/prusaslicer_fork/deps/build/destdir/usr/local/lib/libgmp.a[248](lt53-clear.o)) was built for newer 'macOS' version (26.2) than being linked (26.0)
ld: warning: object file (/Users/sw-dev/repos/Bundle/web_slicer_core/third_party/prusaslicer_fork/deps/build/destdir/usr/local/lib/libgmp.a[250](lt55-cmp.o)) was built for newer 'macOS' version (26.2) than being linked (26.0)
ld: warning: object file (/Users/sw-dev/repos/Bundle/web_slicer_core/third_party/prusaslicer_fork/deps/build/destdir/usr/local/lib/libgmp.a[253](lt58-div.o)) was built for newer 'macOS' version (26.2) than being linked (26.0)
ld: warning: object file (/Users/sw-dev/repos/Bundle/web_slicer_core/third_party/prusaslicer_fork/deps/build/destdir/usr/local/lib/libgmp.a[254](lt59-get_d.o)) was built for newer 'macOS' version (26.2) than being linked (26.0)
ld: warning: object file (/Users/sw-dev/repos/Bundle/web_slicer_core/third_party/prusaslicer_fork/deps/build/destdir/usr/local/lib/libgmp.a[258](lt61-init.o)) was built for newer 'macOS' version (26.2) than being linked (26.0)
ld: warning: object file (/Users/sw-dev/repos/Bundle/web_slicer_core/third_party/prusaslicer_fork/deps/build/destdir/usr/local/lib/libgmp.a[263](lt64-mul.o)) was built for newer 'macOS' version (26.2) than being linked (26.0)
ld: warning: object file (/Users/sw-dev/repos/Bundle/web_slicer_core/third_party/prusaslicer_fork/deps/build/destdir/usr/local/lib/libgmp.a[266](lt67-set.o)) was built for newer 'macOS' version (26.2) than being linked (26.0)
ld: warning: object file (/Users/sw-dev/repos/Bundle/web_slicer_core/third_party/prusaslicer_fork/deps/build/destdir/usr/local/lib/libgmp.a[269](lt68-set_si.o)) was built for newer 'macOS' version (26.2) than being linked (26.0)
ld: warning: object file (/Users/sw-dev/repos/Bundle/web_slicer_core/third_party/prusaslicer_fork/deps/build/destdir/usr/local/lib/libgmp.a[271](lt70-set_ui.o)) was built for newer 'macOS' version (26.2) than being linked (26.0)
ld: warning: object file (/Users/sw-dev/repos/Bundle/web_slicer_core/third_party/prusaslicer_fork/deps/build/destdir/usr/local/lib/libgmp.a[272](equal.o)) was built for newer 'macOS' version (26.2) than being linked (26.0)
ld: warning: object file (/Users/sw-dev/repos/Bundle/web_slicer_core/third_party/prusaslicer_fork/deps/build/destdir/usr/local/lib/libgmp.a[274](lt72-set_d.o)) was built for newer 'macOS' version (26.2) than being linked (26.0)
ld: warning: object file (/Users/sw-dev/repos/Bundle/web_slicer_core/third_party/prusaslicer_fork/deps/build/destdir/usr/local/lib/libgmp.a[279](lt75-add.o)) was built for newer 'macOS' version (26.2) than being linked (26.0)
ld: warning: object file (/Users/sw-dev/repos/Bundle/web_slicer_core/third_party/prusaslicer_fork/deps/build/destdir/usr/local/lib/libgmp.a[280](add_1.o)) was built for newer 'macOS' version (26.2) than being linked (26.0)
ld: warning: object file (/Users/sw-dev/repos/Bundle/web_slicer_core/third_party/prusaslicer_fork/deps/build/destdir/usr/local/lib/libgmp.a[281](add_n.o)) was built for newer 'macOS' version (26.2) than being linked (26.0)
ld: warning: object file (/Users/sw-dev/repos/Bundle/web_slicer_core/third_party/prusaslicer_fork/deps/build/destdir/usr/local/lib/libgmp.a[282](lt76-sub.o)) was built for newer 'macOS' version (26.2) than being linked (26.0)
ld: warning: object file (/Users/sw-dev/repos/Bundle/web_slicer_core/third_party/prusaslicer_fork/deps/build/destdir/usr/local/lib/libgmp.a[283](sub_1.o)) was built for newer 'macOS' version (26.2) than being linked (26.0)
ld: warning: object file (/Users/sw-dev/repos/Bundle/web_slicer_core/third_party/prusaslicer_fork/deps/build/destdir/usr/local/lib/libgmp.a[284](sub_n.o)) was built for newer 'macOS' version (26.2) than being linked (26.0)
ld: warning: object file (/Users/sw-dev/repos/Bundle/web_slicer_core/third_party/prusaslicer_fork/deps/build/destdir/usr/local/lib/libgmp.a[288](lt77-neg.o)) was built for newer 'macOS' version (26.2) than being linked (26.0)
ld: warning: object file (/Users/sw-dev/repos/Bundle/web_slicer_core/third_party/prusaslicer_fork/deps/build/destdir/usr/local/lib/libgmp.a[289](lt78-com.o)) was built for newer 'macOS' version (26.2) than being linked (26.0)
ld: warning: object file (/Users/sw-dev/repos/Bundle/web_slicer_core/third_party/prusaslicer_fork/deps/build/destdir/usr/local/lib/libgmp.a[290](mul_1.o)) was built for newer 'macOS' version (26.2) than being linked (26.0)
ld: warning: object file (/Users/sw-dev/repos/Bundle/web_slicer_core/third_party/prusaslicer_fork/deps/build/destdir/usr/local/lib/libgmp.a[291](addmul_1.o)) was built for newer 'macOS' version (26.2) than being linked (26.0)
ld: warning: object file (/Users/sw-dev/repos/Bundle/web_slicer_core/third_party/prusaslicer_fork/deps/build/destdir/usr/local/lib/libgmp.a[292](submul_1.o)) was built for newer 'macOS' version (26.2) than being linked (26.0)
ld: warning: object file (/Users/sw-dev/repos/Bundle/web_slicer_core/third_party/prusaslicer_fork/deps/build/destdir/usr/local/lib/libgmp.a[299](lshift.o)) was built for newer 'macOS' version (26.2) than being linked (26.0)
ld: warning: object file (/Users/sw-dev/repos/Bundle/web_slicer_core/third_party/prusaslicer_fork/deps/build/destdir/usr/local/lib/libgmp.a[300](rshift.o)) was built for newer 'macOS' version (26.2) than being linked (26.0)
ld: warning: object file (/Users/sw-dev/repos/Bundle/web_slicer_core/third_party/prusaslicer_fork/deps/build/destdir/usr/local/lib/libgmp.a[301](dive_1.o)) was built for newer 'macOS' version (26.2) than being linked (26.0)
ld: warning: object file (/Users/sw-dev/repos/Bundle/web_slicer_core/third_party/prusaslicer_fork/deps/build/destdir/usr/local/lib/libgmp.a[304](divrem.o)) was built for newer 'macOS' version (26.2) than being linked (26.0)
ld: warning: object file (/Users/sw-dev/repos/Bundle/web_slicer_core/third_party/prusaslicer_fork/deps/build/destdir/usr/local/lib/libgmp.a[305](divrem_1.o)) was built for newer 'macOS' version (26.2) than being linked (26.0)
ld: warning: object file (/Users/sw-dev/repos/Bundle/web_slicer_core/third_party/prusaslicer_fork/deps/build/destdir/usr/local/lib/libgmp.a[306](divrem_2.o)) was built for newer 'macOS' version (26.2) than being linked (26.0)
ld: warning: object file (/Users/sw-dev/repos/Bundle/web_slicer_core/third_party/prusaslicer_fork/deps/build/destdir/usr/local/lib/libgmp.a[309](mod_1.o)) was built for newer 'macOS' version (26.2) than being linked (26.0)
ld: warning: object file (/Users/sw-dev/repos/Bundle/web_slicer_core/third_party/prusaslicer_fork/deps/build/destdir/usr/local/lib/libgmp.a[311](mode1o.o)) was built for newer 'macOS' version (26.2) than being linked (26.0)
ld: warning: object file (/Users/sw-dev/repos/Bundle/web_slicer_core/third_party/prusaslicer_fork/deps/build/destdir/usr/local/lib/libgmp.a[315](mod_1_1.o)) was built for newer 'macOS' version (26.2) than being linked (26.0)
ld: warning: object file (/Users/sw-dev/repos/Bundle/web_slicer_core/third_party/prusaslicer_fork/deps/build/destdir/usr/local/lib/libgmp.a[316](mod_1_2.o)) was built for newer 'macOS' version (26.2) than being linked (26.0)
ld: warning: object file (/Users/sw-dev/repos/Bundle/web_slicer_core/third_party/prusaslicer_fork/deps/build/destdir/usr/local/lib/libgmp.a[318](mod_1_4.o)) was built for newer 'macOS' version (26.2) than being linked (26.0)
ld: warning: object file (/Users/sw-dev/repos/Bundle/web_slicer_core/third_party/prusaslicer_fork/deps/build/destdir/usr/local/lib/libgmp.a[319](lshiftc.o)) was built for newer 'macOS' version (26.2) than being linked (26.0)
ld: warning: object file (/Users/sw-dev/repos/Bundle/web_slicer_core/third_party/prusaslicer_fork/deps/build/destdir/usr/local/lib/libgmp.a[320](lt82-mul.o)) was built for newer 'macOS' version (26.2) than being linked (26.0)
ld: warning: object file (/Users/sw-dev/repos/Bundle/web_slicer_core/third_party/prusaslicer_fork/deps/build/destdir/usr/local/lib/libgmp.a[321](mul_fft.o)) was built for newer 'macOS' version (26.2) than being linked (26.0)
ld: warning: object file (/Users/sw-dev/repos/Bundle/web_slicer_core/third_party/prusaslicer_fork/deps/build/destdir/usr/local/lib/libgmp.a[322](mul_n.o)) was built for newer 'macOS' version (26.2) than being linked (26.0)
ld: warning: object file (/Users/sw-dev/repos/Bundle/web_slicer_core/third_party/prusaslicer_fork/deps/build/destdir/usr/local/lib/libgmp.a[323](sqr.o)) was built for newer 'macOS' version (26.2) than being linked (26.0)
ld: warning: object file (/Users/sw-dev/repos/Bundle/web_slicer_core/third_party/prusaslicer_fork/deps/build/destdir/usr/local/lib/libgmp.a[324](mul_basecase.o)) was built for newer 'macOS' version (26.2) than being linked (26.0)
ld: warning: object file (/Users/sw-dev/repos/Bundle/web_slicer_core/third_party/prusaslicer_fork/deps/build/destdir/usr/local/lib/libgmp.a[325](sqr_basecase.o)) was built for newer 'macOS' version (26.2) than being linked (26.0)
ld: warning: object file (/Users/sw-dev/repos/Bundle/web_slicer_core/third_party/prusaslicer_fork/deps/build/destdir/usr/local/lib/libgmp.a[326](nussbaumer_mul.o)) was built for newer 'macOS' version (26.2) than being linked (26.0)
ld: warning: object file (/Users/sw-dev/repos/Bundle/web_slicer_core/third_party/prusaslicer_fork/deps/build/destdir/usr/local/lib/libgmp.a[341](lt91-scan1.o)) was built for newer 'macOS' version (26.2) than being linked (26.0)
ld: warning: object file (/Users/sw-dev/repos/Bundle/web_slicer_core/third_party/prusaslicer_fork/deps/build/destdir/usr/local/lib/libgmp.a[349](gcd_11.o)) was built for newer 'macOS' version (26.2) than being linked (26.0)
ld: warning: object file (/Users/sw-dev/repos/Bundle/web_slicer_core/third_party/prusaslicer_fork/deps/build/destdir/usr/local/lib/libgmp.a[350](gcd_22.o)) was built for newer 'macOS' version (26.2) than being linked (26.0)
ld: warning: object file (/Users/sw-dev/repos/Bundle/web_slicer_core/third_party/prusaslicer_fork/deps/build/destdir/usr/local/lib/libgmp.a[351](gcd_1.o)) was built for newer 'macOS' version (26.2) than being linked (26.0)
ld: warning: object file (/Users/sw-dev/repos/Bundle/web_slicer_core/third_party/prusaslicer_fork/deps/build/destdir/usr/local/lib/libgmp.a[352](lt97-gcd.o)) was built for newer 'macOS' version (26.2) than being linked (26.0)
ld: warning: object file (/Users/sw-dev/repos/Bundle/web_slicer_core/third_party/prusaslicer_fork/deps/build/destdir/usr/local/lib/libgmp.a[355](gcd_subdiv_step.o)) was built for newer 'macOS' version (26.2) than being linked (26.0)
ld: warning: object file (/Users/sw-dev/repos/Bundle/web_slicer_core/third_party/prusaslicer_fork/deps/build/destdir/usr/local/lib/libgmp.a[357](div_q.o)) was built for newer 'macOS' version (26.2) than being linked (26.0)
ld: warning: object file (/Users/sw-dev/repos/Bundle/web_slicer_core/third_party/prusaslicer_fork/deps/build/destdir/usr/local/lib/libgmp.a[358](lt99-tdiv_qr.o)) was built for newer 'macOS' version (26.2) than being linked (26.0)
ld: warning: object file (/Users/sw-dev/repos/Bundle/web_slicer_core/third_party/prusaslicer_fork/deps/build/destdir/usr/local/lib/libgmp.a[362](lt101-get_d.o)) was built for newer 'macOS' version (26.2) than being linked (26.0)
ld: warning: object file (/Users/sw-dev/repos/Bundle/web_slicer_core/third_party/prusaslicer_fork/deps/build/destdir/usr/local/lib/libgmp.a[363](matrix22_mul.o)) was built for newer 'macOS' version (26.2) than being linked (26.0)
ld: warning: object file (/Users/sw-dev/repos/Bundle/web_slicer_core/third_party/prusaslicer_fork/deps/build/destdir/usr/local/lib/libgmp.a[364](matrix22_mul1_inverse_vector.o)) was built for newer 'macOS' version (26.2) than being linked (26.0)
ld: warning: object file (/Users/sw-dev/repos/Bundle/web_slicer_core/third_party/prusaslicer_fork/deps/build/destdir/usr/local/lib/libgmp.a[365](hgcd_matrix.o)) was built for newer 'macOS' version (26.2) than being linked (26.0)
ld: warning: object file (/Users/sw-dev/repos/Bundle/web_slicer_core/third_party/prusaslicer_fork/deps/build/destdir/usr/local/lib/libgmp.a[366](hgcd2.o)) was built for newer 'macOS' version (26.2) than being linked (26.0)
ld: warning: object file (/Users/sw-dev/repos/Bundle/web_slicer_core/third_party/prusaslicer_fork/deps/build/destdir/usr/local/lib/libgmp.a[367](hgcd_step.o)) was built for newer 'macOS' version (26.2) than being linked (26.0)
ld: warning: object file (/Users/sw-dev/repos/Bundle/web_slicer_core/third_party/prusaslicer_fork/deps/build/destdir/usr/local/lib/libgmp.a[368](hgcd_reduce.o)) was built for newer 'macOS' version (26.2) than being linked (26.0)
ld: warning: object file (/Users/sw-dev/repos/Bundle/web_slicer_core/third_party/prusaslicer_fork/deps/build/destdir/usr/local/lib/libgmp.a[369](hgcd.o)) was built for newer 'macOS' version (26.2) than being linked (26.0)
ld: warning: object file (/Users/sw-dev/repos/Bundle/web_slicer_core/third_party/prusaslicer_fork/deps/build/destdir/usr/local/lib/libgmp.a[370](hgcd_appr.o)) was built for newer 'macOS' version (26.2) than being linked (26.0)
ld: warning: object file (/Users/sw-dev/repos/Bundle/web_slicer_core/third_party/prusaslicer_fork/deps/build/destdir/usr/local/lib/libgmp.a[373](mullo_n.o)) was built for newer 'macOS' version (26.2) than being linked (26.0)
ld: warning: object file (/Users/sw-dev/repos/Bundle/web_slicer_core/third_party/prusaslicer_fork/deps/build/destdir/usr/local/lib/libgmp.a[374](mullo_basecase.o)) was built for newer 'macOS' version (26.2) than being linked (26.0)
ld: warning: object file (/Users/sw-dev/repos/Bundle/web_slicer_core/third_party/prusaslicer_fork/deps/build/destdir/usr/local/lib/libgmp.a[377](toom22_mul.o)) was built for newer 'macOS' version (26.2) than being linked (26.0)
ld: warning: object file (/Users/sw-dev/repos/Bundle/web_slicer_core/third_party/prusaslicer_fork/deps/build/destdir/usr/local/lib/libgmp.a[378](toom32_mul.o)) was built for newer 'macOS' version (26.2) than being linked (26.0)
ld: warning: object file (/Users/sw-dev/repos/Bundle/web_slicer_core/third_party/prusaslicer_fork/deps/build/destdir/usr/local/lib/libgmp.a[379](toom42_mul.o)) was built for newer 'macOS' version (26.2) than being linked (26.0)
ld: warning: object file (/Users/sw-dev/repos/Bundle/web_slicer_core/third_party/prusaslicer_fork/deps/build/destdir/usr/local/lib/libgmp.a[382](toom33_mul.o)) was built for newer 'macOS' version (26.2) than being linked (26.0)
ld: warning: object file (/Users/sw-dev/repos/Bundle/web_slicer_core/third_party/prusaslicer_fork/deps/build/destdir/usr/local/lib/libgmp.a[383](toom43_mul.o)) was built for newer 'macOS' version (26.2) than being linked (26.0)
ld: warning: object file (/Users/sw-dev/repos/Bundle/web_slicer_core/third_party/prusaslicer_fork/deps/build/destdir/usr/local/lib/libgmp.a[384](toom53_mul.o)) was built for newer 'macOS' version (26.2) than being linked (26.0)
ld: warning: object file (/Users/sw-dev/repos/Bundle/web_slicer_core/third_party/prusaslicer_fork/deps/build/destdir/usr/local/lib/libgmp.a[386](toom63_mul.o)) was built for newer 'macOS' version (26.2) than being linked (26.0)
ld: warning: object file (/Users/sw-dev/repos/Bundle/web_slicer_core/third_party/prusaslicer_fork/deps/build/destdir/usr/local/lib/libgmp.a[387](toom44_mul.o)) was built for newer 'macOS' version (26.2) than being linked (26.0)
ld: warning: object file (/Users/sw-dev/repos/Bundle/web_slicer_core/third_party/prusaslicer_fork/deps/build/destdir/usr/local/lib/libgmp.a[388](toom6h_mul.o)) was built for newer 'macOS' version (26.2) than being linked (26.0)
ld: warning: object file (/Users/sw-dev/repos/Bundle/web_slicer_core/third_party/prusaslicer_fork/deps/build/destdir/usr/local/lib/libgmp.a[389](toom6_sqr.o)) was built for newer 'macOS' version (26.2) than being linked (26.0)
ld: warning: object file (/Users/sw-dev/repos/Bundle/web_slicer_core/third_party/prusaslicer_fork/deps/build/destdir/usr/local/lib/libgmp.a[390](toom8h_mul.o)) was built for newer 'macOS' version (26.2) than being linked (26.0)
ld: warning: object file (/Users/sw-dev/repos/Bundle/web_slicer_core/third_party/prusaslicer_fork/deps/build/destdir/usr/local/lib/libgmp.a[391](toom8_sqr.o)) was built for newer 'macOS' version (26.2) than being linked (26.0)
ld: warning: object file (/Users/sw-dev/repos/Bundle/web_slicer_core/third_party/prusaslicer_fork/deps/build/destdir/usr/local/lib/libgmp.a[392](toom_couple_handling.o)) was built for newer 'macOS' version (26.2) than being linked (26.0)
ld: warning: object file (/Users/sw-dev/repos/Bundle/web_slicer_core/third_party/prusaslicer_fork/deps/build/destdir/usr/local/lib/libgmp.a[393](toom2_sqr.o)) was built for newer 'macOS' version (26.2) than being linked (26.0)
ld: warning: object file (/Users/sw-dev/repos/Bundle/web_slicer_core/third_party/prusaslicer_fork/deps/build/destdir/usr/local/lib/libgmp.a[394](toom3_sqr.o)) was built for newer 'macOS' version (26.2) than being linked (26.0)
ld: warning: object file (/Users/sw-dev/repos/Bundle/web_slicer_core/third_party/prusaslicer_fork/deps/build/destdir/usr/local/lib/libgmp.a[395](toom4_sqr.o)) was built for newer 'macOS' version (26.2) than being linked (26.0)
ld: warning: object file (/Users/sw-dev/repos/Bundle/web_slicer_core/third_party/prusaslicer_fork/deps/build/destdir/usr/local/lib/libgmp.a[396](toom_eval_dgr3_pm1.o)) was built for newer 'macOS' version (26.2) than being linked (26.0)
ld: warning: object file (/Users/sw-dev/repos/Bundle/web_slicer_core/third_party/prusaslicer_fork/deps/build/destdir/usr/local/lib/libgmp.a[397](toom_eval_dgr3_pm2.o)) was built for newer 'macOS' version (26.2) than being linked (26.0)
ld: warning: object file (/Users/sw-dev/repos/Bundle/web_slicer_core/third_party/prusaslicer_fork/deps/build/destdir/usr/local/lib/libgmp.a[398](toom_eval_pm1.o)) was built for newer 'macOS' version (26.2) than being linked (26.0)
ld: warning: object file (/Users/sw-dev/repos/Bundle/web_slicer_core/third_party/prusaslicer_fork/deps/build/destdir/usr/local/lib/libgmp.a[399](toom_eval_pm2.o)) was built for newer 'macOS' version (26.2) than being linked (26.0)
ld: warning: object file (/Users/sw-dev/repos/Bundle/web_slicer_core/third_party/prusaslicer_fork/deps/build/destdir/usr/local/lib/libgmp.a[400](toom_eval_pm2exp.o)) was built for newer 'macOS' version (26.2) than being linked (26.0)
ld: warning: object file (/Users/sw-dev/repos/Bundle/web_slicer_core/third_party/prusaslicer_fork/deps/build/destdir/usr/local/lib/libgmp.a[401](toom_eval_pm2rexp.o)) was built for newer 'macOS' version (26.2) than being linked (26.0)
ld: warning: object file (/Users/sw-dev/repos/Bundle/web_slicer_core/third_party/prusaslicer_fork/deps/build/destdir/usr/local/lib/libgmp.a[402](toom_interpolate_5pts.o)) was built for newer 'macOS' version (26.2) than being linked (26.0)
ld: warning: object file (/Users/sw-dev/repos/Bundle/web_slicer_core/third_party/prusaslicer_fork/deps/build/destdir/usr/local/lib/libgmp.a[403](toom_interpolate_6pts.o)) was built for newer 'macOS' version (26.2) than being linked (26.0)
ld: warning: object file (/Users/sw-dev/repos/Bundle/web_slicer_core/third_party/prusaslicer_fork/deps/build/destdir/usr/local/lib/libgmp.a[404](toom_interpolate_7pts.o)) was built for newer 'macOS' version (26.2) than being linked (26.0)
ld: warning: object file (/Users/sw-dev/repos/Bundle/web_slicer_core/third_party/prusaslicer_fork/deps/build/destdir/usr/local/lib/libgmp.a[405](toom_interpolate_8pts.o)) was built for newer 'macOS' version (26.2) than being linked (26.0)
ld: warning: object file (/Users/sw-dev/repos/Bundle/web_slicer_core/third_party/prusaslicer_fork/deps/build/destdir/usr/local/lib/libgmp.a[406](toom_interpolate_12pts.o)) was built for newer 'macOS' version (26.2) than being linked (26.0)
ld: warning: object file (/Users/sw-dev/repos/Bundle/web_slicer_core/third_party/prusaslicer_fork/deps/build/destdir/usr/local/lib/libgmp.a[407](toom_interpolate_16pts.o)) was built for newer 'macOS' version (26.2) than being linked (26.0)
ld: warning: object file (/Users/sw-dev/repos/Bundle/web_slicer_core/third_party/prusaslicer_fork/deps/build/destdir/usr/local/lib/libgmp.a[408](invertappr.o)) was built for newer 'macOS' version (26.2) than being linked (26.0)
ld: warning: object file (/Users/sw-dev/repos/Bundle/web_slicer_core/third_party/prusaslicer_fork/deps/build/destdir/usr/local/lib/libgmp.a[410](binvert.o)) was built for newer 'macOS' version (26.2) than being linked (26.0)
ld: warning: object file (/Users/sw-dev/repos/Bundle/web_slicer_core/third_party/prusaslicer_fork/deps/build/destdir/usr/local/lib/libgmp.a[411](mulmod_bnm1.o)) was built for newer 'macOS' version (26.2) than being linked (26.0)
ld: warning: object file (/Users/sw-dev/repos/Bundle/web_slicer_core/third_party/prusaslicer_fork/deps/build/destdir/usr/local/lib/libgmp.a[412](sqrmod_bnm1.o)) was built for newer 'macOS' version (26.2) than being linked (26.0)
ld: warning: object file (/Users/sw-dev/repos/Bundle/web_slicer_core/third_party/prusaslicer_fork/deps/build/destdir/usr/local/lib/libgmp.a[418](sbpi1_div_q.o)) was built for newer 'macOS' version (26.2) than being linked (26.0)
ld: warning: object file (/Users/sw-dev/repos/Bundle/web_slicer_core/third_party/prusaslicer_fork/deps/build/destdir/usr/local/lib/libgmp.a[419](sbpi1_div_qr.o)) was built for newer 'macOS' version (26.2) than being linked (26.0)
ld: warning: object file (/Users/sw-dev/repos/Bundle/web_slicer_core/third_party/prusaslicer_fork/deps/build/destdir/usr/local/lib/libgmp.a[420](sbpi1_divappr_q.o)) was built for newer 'macOS' version (26.2) than being linked (26.0)
ld: warning: object file (/Users/sw-dev/repos/Bundle/web_slicer_core/third_party/prusaslicer_fork/deps/build/destdir/usr/local/lib/libgmp.a[421](dcpi1_div_q.o)) was built for newer 'macOS' version (26.2) than being linked (26.0)
ld: warning: object file (/Users/sw-dev/repos/Bundle/web_slicer_core/third_party/prusaslicer_fork/deps/build/destdir/usr/local/lib/libgmp.a[422](dcpi1_div_qr.o)) was built for newer 'macOS' version (26.2) than being linked (26.0)
ld: warning: object file (/Users/sw-dev/repos/Bundle/web_slicer_core/third_party/prusaslicer_fork/deps/build/destdir/usr/local/lib/libgmp.a[423](dcpi1_divappr_q.o)) was built for newer 'macOS' version (26.2) than being linked (26.0)
ld: warning: object file (/Users/sw-dev/repos/Bundle/web_slicer_core/third_party/prusaslicer_fork/deps/build/destdir/usr/local/lib/libgmp.a[424](mu_div_qr.o)) was built for newer 'macOS' version (26.2) than being linked (26.0)
ld: warning: object file (/Users/sw-dev/repos/Bundle/web_slicer_core/third_party/prusaslicer_fork/deps/build/destdir/usr/local/lib/libgmp.a[425](mu_divappr_q.o)) was built for newer 'macOS' version (26.2) than being linked (26.0)
ld: warning: object file (/Users/sw-dev/repos/Bundle/web_slicer_core/third_party/prusaslicer_fork/deps/build/destdir/usr/local/lib/libgmp.a[426](mu_div_q.o)) was built for newer 'macOS' version (26.2) than being linked (26.0)
ld: warning: object file (/Users/sw-dev/repos/Bundle/web_slicer_core/third_party/prusaslicer_fork/deps/build/destdir/usr/local/lib/libgmp.a[427](bdiv_q_1.o)) was built for newer 'macOS' version (26.2) than being linked (26.0)
ld: warning: object file (/Users/sw-dev/repos/Bundle/web_slicer_core/third_party/prusaslicer_fork/deps/build/destdir/usr/local/lib/libgmp.a[428](sbpi1_bdiv_q.o)) was built for newer 'macOS' version (26.2) than being linked (26.0)
ld: warning: object file (/Users/sw-dev/repos/Bundle/web_slicer_core/third_party/prusaslicer_fork/deps/build/destdir/usr/local/lib/libgmp.a[429](sbpi1_bdiv_qr.o)) was built for newer 'macOS' version (26.2) than being linked (26.0)
ld: warning: object file (/Users/sw-dev/repos/Bundle/web_slicer_core/third_party/prusaslicer_fork/deps/build/destdir/usr/local/lib/libgmp.a[431](dcpi1_bdiv_q.o)) was built for newer 'macOS' version (26.2) than being linked (26.0)
ld: warning: object file (/Users/sw-dev/repos/Bundle/web_slicer_core/third_party/prusaslicer_fork/deps/build/destdir/usr/local/lib/libgmp.a[432](dcpi1_bdiv_qr.o)) was built for newer 'macOS' version (26.2) than being linked (26.0)
ld: warning: object file (/Users/sw-dev/repos/Bundle/web_slicer_core/third_party/prusaslicer_fork/deps/build/destdir/usr/local/lib/libgmp.a[433](mu_bdiv_q.o)) was built for newer 'macOS' version (26.2) than being linked (26.0)
ld: warning: object file (/Users/sw-dev/repos/Bundle/web_slicer_core/third_party/prusaslicer_fork/deps/build/destdir/usr/local/lib/libgmp.a[435](bdiv_q.o)) was built for newer 'macOS' version (26.2) than being linked (26.0)
ld: warning: object file (/Users/sw-dev/repos/Bundle/web_slicer_core/third_party/prusaslicer_fork/deps/build/destdir/usr/local/lib/libgmp.a[441](lt103-divexact.o)) was built for newer 'macOS' version (26.2) than being linked (26.0)
ld: warning: object file (/Users/sw-dev/repos/Bundle/web_slicer_core/third_party/prusaslicer_fork/deps/build/destdir/usr/local/lib/libgmp.a[442](bdiv_dbm1c.o)) was built for newer 'macOS' version (26.2) than being linked (26.0)
ld: warning: object file (/Users/sw-dev/repos/Bundle/web_slicer_core/third_party/prusaslicer_fork/deps/build/destdir/usr/local/lib/libgmp.a[468](copyi.o)) was built for newer 'macOS' version (26.2) than being linked (26.0)
ld: warning: object file (/Users/sw-dev/repos/Bundle/web_slicer_core/third_party/prusaslicer_fork/deps/build/destdir/usr/local/lib/libgmp.a[469](copyd.o)) was built for newer 'macOS' version (26.2) than being linked (26.0)
ld: warning: object file (/Users/sw-dev/repos/Bundle/web_slicer_core/third_party/prusaslicer_fork/deps/build/destdir/usr/local/lib/libgmp.a[473](invert_limb.o)) was built for newer 'macOS' version (26.2) than being linked (26.0)
ld: warning: object file (/Users/sw-dev/repos/Bundle/web_slicer_core/third_party/prusaslicer_fork/deps/build/destdir/usr/local/lib/libgmp.a[474](sqr_diag_addlsh1.o)) was built for newer 'macOS' version (26.2) than being linked (26.0)
ld: warning: object file (/Users/sw-dev/repos/Bundle/web_slicer_core/third_party/prusaslicer_fork/deps/build/destdir/usr/local/lib/libgmp.a[475](addlsh1_n.o)) was built for newer 'macOS' version (26.2) than being linked (26.0)
ld: warning: object file (/Users/sw-dev/repos/Bundle/web_slicer_core/third_party/prusaslicer_fork/deps/build/destdir/usr/local/lib/libgmp.a[476](sublsh1_n.o)) was built for newer 'macOS' version (26.2) than being linked (26.0)
ld: warning: object file (/Users/sw-dev/repos/Bundle/web_slicer_core/third_party/prusaslicer_fork/deps/build/destdir/usr/local/lib/libgmp.a[477](rsblsh1_n.o)) was built for newer 'macOS' version (26.2) than being linked (26.0)
ld: warning: object file (/Users/sw-dev/repos/Bundle/web_slicer_core/third_party/prusaslicer_fork/deps/build/destdir/usr/local/lib/libgmp.a[478](rsh1add_n.o)) was built for newer 'macOS' version (26.2) than being linked (26.0)
ld: warning: object file (/Users/sw-dev/repos/Bundle/web_slicer_core/third_party/prusaslicer_fork/deps/build/destdir/usr/local/lib/libgmp.a[479](rsh1sub_n.o)) was built for newer 'macOS' version (26.2) than being linked (26.0)
ld: warning: object file (/Users/sw-dev/repos/Bundle/web_slicer_core/third_party/prusaslicer_fork/deps/build/destdir/usr/local/lib/libgmp.a[480](addlsh2_n.o)) was built for newer 'macOS' version (26.2) than being linked (26.0)
ld: warning: object file (/Users/sw-dev/repos/Bundle/web_slicer_core/third_party/prusaslicer_fork/deps/build/destdir/usr/local/lib/libgmp.a[481](sublsh2_n.o)) was built for newer 'macOS' version (26.2) than being linked (26.0)
Symlinking the G-code viewer to PrusaSlicer, symlinking to prusa-slicer and prusa-gcodeviewer
Symlinking the resources directory into the build tree
[100%] Built target PrusaSlicer
